// Jest Snapshot v1, https://goo.gl/fbAQLP

exports[`Header Component Render Correctly 1`] = `
<div
  className="header"
>
  <a
    className="logo"
    href="#default"
  >
    Rivail Junior
  </a>
  <div
    className="header-right"
  >
    <a
      className="active"
      onClick={[MockFunction]}
    >
      Sair
    </a>
  </div>
</div>
`;
