// Jest Snapshot v1, https://goo.gl/fbAQLP

exports[`Index Page Snapshot 1`] = `
<div
  className="container"
>
  <h2>
    Olá Avaliador!
  </h2>
  <h5>
    Para realizar algumas requisições precisamos dessa etapa inicial, o FindUser não ficará com nenhum dado seu.
  </h5>
  <ul>
    <li>
      Ao clicar no botão abaixo, você será será redirecionado ao login com o github.
    </li>
    <li>
      Após login, você será redirecionado a pagina inicial dessa avaliação
    </li>
  </ul>
  <a
    className="btn"
    href="https://github.com/login/oauth/authorize?client_id=undefined&redirect_uri:undefined&state=undefined&allow_singnup=true"
    type="button"
  >
    Login with Git
  </a>
</div>
`;
