// Jest Snapshot v1, https://goo.gl/fbAQLP

exports[`List Component Render Correctly 1`] = `
<div>
  <div
    className="listTitlesInformations"
  >
    <div
      className="stars"
    >
      <label
        htmlFor=""
      >
        Estrelas
      </label>
    </div>
    <div
      className="description"
    >
      <label
        htmlFor=""
      >
        Description
      </label>
    </div>
    <div
      className="button"
    >
      <button
        className="btnReverse"
        data-testid="btnReverse"
        onClick={[Function]}
      >
        Sort
      </button>
    </div>
  </div>
  <div
    className="item"
    data-testid="list"
  >
    <div
      className="itemLi"
      data-testid="listItem"
      onClick={[Function]}
    >
      <div
        className="left"
      >
        1
      </div>
      <div
        className="right"
      >
        <div
          className="rightTitle"
        >
          moveon
        </div>
        <div
          className="rightSub"
        >
          <div>
            02/06/2016
          </div>
          <div>
             
            <a
              href="https://github.com/rivailJunior/moveon.git"
              rel="noopener noreferrer"
              target="_blank"
            >
              https://github.com/rivailJunior/moveon.git
            </a>
          </div>
        </div>
      </div>
    </div>
    <div
      className="itemLi"
      data-testid="listItem"
      onClick={[Function]}
    >
      <div
        className="left"
      >
        1
      </div>
      <div
        className="right"
      >
        <div
          className="rightTitle"
        >
          moveon
        </div>
        <div
          className="rightSub"
        >
          <div>
            02/06/2016
          </div>
          <div>
             
            <a
              href="https://github.com/rivailJunior/moveon.git"
              rel="noopener noreferrer"
              target="_blank"
            >
              https://github.com/rivailJunior/moveon.git
            </a>
          </div>
        </div>
      </div>
    </div>
    <div
      className="itemLi"
      data-testid="listItem"
      onClick={[Function]}
    >
      <div
        className="left"
      >
        1
      </div>
      <div
        className="right"
      >
        <div
          className="rightTitle"
        >
          moveon
        </div>
        <div
          className="rightSub"
        >
          <div>
            02/06/2016
          </div>
          <div>
             
            <a
              href="https://github.com/rivailJunior/moveon.git"
              rel="noopener noreferrer"
              target="_blank"
            >
              https://github.com/rivailJunior/moveon.git
            </a>
          </div>
        </div>
      </div>
    </div>
    <div
      className="itemLi"
      data-testid="listItem"
      onClick={[Function]}
    >
      <div
        className="left"
      >
        1
      </div>
      <div
        className="right"
      >
        <div
          className="rightTitle"
        >
          moveon
        </div>
        <div
          className="rightSub"
        >
          <div>
            02/06/2016
          </div>
          <div>
             
            <a
              href="https://github.com/rivailJunior/moveon.git"
              rel="noopener noreferrer"
              target="_blank"
            >
              https://github.com/rivailJunior/moveon.git
            </a>
          </div>
        </div>
      </div>
    </div>
    <div
      className="itemLi"
      data-testid="listItem"
      onClick={[Function]}
    >
      <div
        className="left"
      >
        1
      </div>
      <div
        className="right"
      >
        <div
          className="rightTitle"
        >
          moveon
        </div>
        <div
          className="rightSub"
        >
          <div>
            02/06/2016
          </div>
          <div>
             
            <a
              href="https://github.com/rivailJunior/moveon.git"
              rel="noopener noreferrer"
              target="_blank"
            >
              https://github.com/rivailJunior/moveon.git
            </a>
          </div>
        </div>
      </div>
    </div>
    <div
      className="itemLi"
      data-testid="listItem"
      onClick={[Function]}
    >
      <div
        className="left"
      >
        1
      </div>
      <div
        className="right"
      >
        <div
          className="rightTitle"
        >
          moveon
        </div>
        <div
          className="rightSub"
        >
          <div>
            02/06/2016
          </div>
          <div>
             
            <a
              href="https://github.com/rivailJunior/moveon.git"
              rel="noopener noreferrer"
              target="_blank"
            >
              https://github.com/rivailJunior/moveon.git
            </a>
          </div>
        </div>
      </div>
    </div>
    <div
      className="itemLi"
      data-testid="listItem"
      onClick={[Function]}
    >
      <div
        className="left"
      >
        1
      </div>
      <div
        className="right"
      >
        <div
          className="rightTitle"
        >
          moveon
        </div>
        <div
          className="rightSub"
        >
          <div>
            02/06/2016
          </div>
          <div>
             
            <a
              href="https://github.com/rivailJunior/moveon.git"
              rel="noopener noreferrer"
              target="_blank"
            >
              https://github.com/rivailJunior/moveon.git
            </a>
          </div>
        </div>
      </div>
    </div>
    <div
      className="itemLi"
      data-testid="listItem"
      onClick={[Function]}
    >
      <div
        className="left"
      >
        1
      </div>
      <div
        className="right"
      >
        <div
          className="rightTitle"
        >
          moveon
        </div>
        <div
          className="rightSub"
        >
          <div>
            02/06/2016
          </div>
          <div>
             
            <a
              href="https://github.com/rivailJunior/moveon.git"
              rel="noopener noreferrer"
              target="_blank"
            >
              https://github.com/rivailJunior/moveon.git
            </a>
          </div>
        </div>
      </div>
    </div>
    <div
      className="itemLi"
      data-testid="listItem"
      onClick={[Function]}
    >
      <div
        className="left"
      >
        1
      </div>
      <div
        className="right"
      >
        <div
          className="rightTitle"
        >
          moveon
        </div>
        <div
          className="rightSub"
        >
          <div>
            02/06/2016
          </div>
          <div>
             
            <a
              href="https://github.com/rivailJunior/moveon.git"
              rel="noopener noreferrer"
              target="_blank"
            >
              https://github.com/rivailJunior/moveon.git
            </a>
          </div>
        </div>
      </div>
    </div>
    <div
      className="itemLi"
      data-testid="listItem"
      onClick={[Function]}
    >
      <div
        className="left"
      >
        1
      </div>
      <div
        className="right"
      >
        <div
          className="rightTitle"
        >
          moveon
        </div>
        <div
          className="rightSub"
        >
          <div>
            02/06/2016
          </div>
          <div>
             
            <a
              href="https://github.com/rivailJunior/moveon.git"
              rel="noopener noreferrer"
              target="_blank"
            >
              https://github.com/rivailJunior/moveon.git
            </a>
          </div>
        </div>
      </div>
    </div>
  </div>
</div>
`;
