// Jest Snapshot v1, https://goo.gl/fbAQLP

exports[`Index Repository Page Render correctly 1`] = `
<div>
  <div>
    <div>
      Rivail Santos
    </div>
    <button>
      Sair
    </button>
  </div>
  <div
    className="mainContainer"
    data-testid="gridContainer"
  >
    <div
      className="containerItem12"
      data-testid="gridContainerItem"
    >
      <div>
        <div>
          Descricao usuario/
        </div>
        <div>
          Descricao do repositorio/
        </div>
      </div>
    </div>
    <div
      className="containerItem12"
      data-testid="gridContainerItem"
    >
      <div
        className="card"
      >
        <div
          className="left"
        >
          <img
            alt="Imagem do usuário"
            src="https://avatars.githubusercontent.com/u/5783143?v=4"
          />
        </div>
        <div
          className="right"
        >
          <div
            className="title"
          >
            rivail.rj@gmail.com
          </div>
          <div
            className="subTitle"
          >
            Full Stack developer, javascript lover and an open source enthusiastic.
          </div>
          <div
            className="subTitle"
          >
            Seguidores: 
            4
          </div>
          <div
            className="subTitle"
          >
            Seguindo: 
            2
          </div>
        </div>
      </div>
    </div>
    <div
      className="containerItem12"
      data-testid="gridContainerItem"
    >
      <div
        className="informationsDiv"
      >
        <span>
          Repositório: 
          <a
            target="_blank"
          />
        </span>
        <span>
          Branch: 
        </span>
        <span>
          Publ.: 
          26/04/2021
        </span>
        <span>
          Atualização: 
          26/04/2021
        </span>
      </div>
    </div>
    <div
      className="containerItem4"
      data-testid="gridContainerItem"
    >
      <div
        className="card"
      >
        <p>
          Language
        </p>
        <h2 />
      </div>
    </div>
    <div
      className="containerItem4"
      data-testid="gridContainerItem"
    >
      <div
        className="card"
      >
        <p>
          Estrelas
        </p>
        <h2 />
      </div>
    </div>
    <div
      className="containerItem4"
      data-testid="gridContainerItem"
    >
      <div
        className="card"
      >
        <p>
          Descrição
        </p>
        <h2 />
      </div>
    </div>
  </div>
</div>
`;
